// Jest Snapshot v1, https://goo.gl/fbAQLP

exports[`PriusThumbnail test renders correctly 1`] = `
<PriusThumbnail
  altText="Indonesia"
  imageSource="#some-cool-image.jpg"
  size="small"
>
  <img
    alt="Indonesia"
    className="makeStyles-image-2 makeStyles-small-3"
    onError={[Function]}
    src="#some-cool-image.jpg"
  />
</PriusThumbnail>
`;
