// Jest Snapshot v1, https://goo.gl/fbAQLP

exports[`check SVG test renders without crashing 1`] = `
<CheckSVG>
  <svg
    className=""
    height="16"
    viewBox="0 0 16 16"
    width="16"
    xmlns="http://www.w3.org/2000/svg"
  >
    <path
      d="M11.494 4.758a.882.882 0 0 1 1.248 1.248L7.447 11.3a.882.882 0 0 1-1.247 0L3.258 8.36A.882.882 0 0 1 4.506 7.11L6.824 9.43l4.67-4.67z"
      fill="#ecebed"
      fillRule="nonzero"
    />
  </svg>
</CheckSVG>
`;
