// Jest Snapshot v1, https://goo.gl/fbAQLP

exports[`cross SVG test renders without crashing 1`] = `
<CrossSVG>
  <svg
    className=""
    height="16"
    viewBox="0 0 16 16"
    width="16"
    xmlns="http://www.w3.org/2000/svg"
  >
    <path
      d="M8 2C4.7 2 2 4.7 2 8s2.7 6 6 6 6-2.7 6-6-2.7-6-6-6zm2.625 7.575l-1.05 1.05L8 9.05l-1.575 1.575-1.05-1.05L6.95 8 5.375 6.425l1.05-1.05L8 6.95l1.575-1.575 1.05 1.05L9.05 8l1.575 1.575z"
      fill="#ecebed"
      fillRule="nonzero"
    />
  </svg>
</CrossSVG>
`;
