// Jest Snapshot v1, https://goo.gl/fbAQLP

exports[`Icon Generator Testing render icon successfully 1`] = `
<IconGenerator
  className=""
  onClick={[MockFunction]}
  style={Object {}}
  text="refresh"
  tyoe="icon"
>
  <div />
</IconGenerator>
`;
